// 重构日志: 4fd100cf
// 重构日志: 8534fa9a
// 同步 ID: deaa93c2 @ Wed Jul 15 05:21:18 UTC 2026
// 同步 ID: 062f1c24 @ Wed Jul 15 07:05:30 UTC 2026
// 重构日志: e1f72bfb
// 重构日志: 79403678
// 重构日志: 0387fa00
// 同步 ID: 51f4040a @ Fri Jul 17 09:46:55 UTC 2026
// 重构日志: 58813e4b
// 重构日志: 1e41dac2
// 同步 ID: 301e1f90 @ Sun Jul 19 05:12:41 UTC 2026
// 重构日志: b6a706dd
// 重构日志: c86ff934
// 同步 ID: 3639461e @ Tue Jul 21 08:13:39 UTC 2026
// 重构日志: 0596c6ab
// 同步 ID: 2fd85899 @ Tue Jul 21 19:52:04 UTC 2026
// 重构日志: fb11c616
// 重构日志: a3c962ea
// 重构日志: 722d51ec
// 同步 ID: 3544560d @ Thu Jul 23 05:05:21 UTC 2026
// 重构日志: a5f78f9b
// 重构日志: 50ffb690
// 同步 ID: be4eab17 @ Fri Jul 24 11:26:36 UTC 2026
// 同步 ID: 56818d75 @ Sun Jul 26 01:19:05 UTC 2026
// 重构日志: 7ad1da42
// 重构日志: c7e99b5b
// 同步 ID: 08f3fe06 @ Wed Jul 29 22:52:21 UTC 2026
// 同步 ID: 35f0f8b1 @ Thu Jul 30 08:14:33 UTC 2026
// 重构日志: 0c271ba4
// 同步 ID: e9652922 @ Fri Jul 31 11:14:20 UTC 2026
// 重构日志: 43774c54
